<?xml version="1.0" encoding="utf-8"?><testsuites>
  <testsuite name="Create a simple workflow (ITSCWRKFLW10) and try to run it [./tests/sc_workflow_run_node_perm.yml]" package="./tests/sc_workflow_run_node_perm.yml" tests="5">
    <testcase name="assert filepath, your current directory must be at the root of this project">
      <system-out></system-out>
      <system-err></system-err>
    </testcase>
    <testcase name="prepare test">
      <system-out><![CDATA[Delete with successDelete with successDelete with success]]></system-out>
      <system-err></system-err>
    </testcase>
    <testcase name="push workflow">
      <system-out><![CDATA[Reading file  ./tests/fixtures/ITSCWRKFLW10/ITSCWRKFLW10.yml
Reading file  ./tests/fixtures/ITSCWRKFLW10/echo.pip.yml
Pipeline echo successfully created
Workflow ITSCWRKFLW10-WORKFLOW has been created
Workflow successfully pushed !]]></system-out>
      <system-err></system-err>
    </testcase>
    <testcase name="grant new group in workflow">
      <system-out><![CDATA[Group 'ITSCWRKFLW10-ro' added on project 'ITSCWRKFLW10' with successGroup 'ITSCWRKFLW10-ro' added on workflow 'ITSCWRKFLW10/ITSCWRKFLW10-WORKFLOW' with success]]></system-out>
      <system-err></system-err>
    </testcase>
    <testcase name="run workflow">
      <system-out><![CDATA[Error(37820926-2935-11e9-863f-9801a789d0c5): forbidden]]></system-out>
      <system-err></system-err>
    </testcase>
  </testsuite>
</testsuites>